

================================================================
== Vitis HLS Report for 'bf_mult_1'
================================================================
* Date:           Thu Dec 26 19:54:50 2024

* Version:        2021.2 (Build 3367213 on Tue Oct 19 02:48:09 MDT 2021)
* Project:        haidiem
* Solution:       solution1 (Vivado IP Flow Target)
* Product family: zynq
* Target device:  xc7z020-clg400-1


================================================================
== Performance Estimates
================================================================
+ Timing: 
    * Summary: 
    +--------+----------+----------+------------+
    |  Clock |  Target  | Estimated| Uncertainty|
    +--------+----------+----------+------------+
    |ap_clk  |  10.00 ns|  6.664 ns|     2.70 ns|
    +--------+----------+----------+------------+

+ Latency: 
    * Summary: 
    +---------+---------+----------+----------+-----+-----+---------+
    |  Latency (cycles) |  Latency (absolute) |  Interval | Pipeline|
    |   min   |   max   |    min   |    max   | min | max |   Type  |
    +---------+---------+----------+----------+-----+-----+---------+
    |      164|      164|  1.640 us|  1.640 us|  164|  164|       no|
    +---------+---------+----------+----------+-----+-----+---------+

    + Detail: 
        * Instance: 
        N/A

        * Loop: 
        +-------------------+---------+---------+----------+-----------+-----------+------+----------+
        |                   |  Latency (cycles) | Iteration|  Initiation Interval  | Trip |          |
        |     Loop Name     |   min   |   max   |  Latency |  achieved |   target  | Count| Pipelined|
        +-------------------+---------+---------+----------+-----------+-----------+------+----------+
        |- VITIS_LOOP_45_1  |      162|      162|         1|          1|          1|   162|       yes|
        +-------------------+---------+---------+----------+-----------+-----------+------+----------+



================================================================
== Utilization Estimates
================================================================
* Summary: 
+-----------------+---------+-----+--------+-------+-----+
|       Name      | BRAM_18K| DSP |   FF   |  LUT  | URAM|
+-----------------+---------+-----+--------+-------+-----+
|DSP              |        -|    -|       -|      -|    -|
|Expression       |        -|    -|       0|   1815|    -|
|FIFO             |        -|    -|       -|      -|    -|
|Instance         |        -|    -|       -|      -|    -|
|Memory           |        -|    -|       -|      -|    -|
|Multiplexer      |        -|    -|       -|     54|    -|
|Register         |        -|    -|     509|      -|    -|
+-----------------+---------+-----+--------+-------+-----+
|Total            |        0|    0|     509|   1869|    0|
+-----------------+---------+-----+--------+-------+-----+
|Available        |      280|  220|  106400|  53200|    0|
+-----------------+---------+-----+--------+-------+-----+
|Utilization (%)  |        0|    0|      ~0|      3|    0|
+-----------------+---------+-----+--------+-------+-----+

+ Detail: 
    * Instance: 
    N/A

    * DSP: 
    N/A

    * Memory: 
    N/A

    * FIFO: 
    N/A

    * Expression: 
    +-----------------------+----------+----+---+-----+------------+------------+
    |     Variable Name     | Operation| DSP| FF| LUT | Bitwidth P0| Bitwidth P1|
    +-----------------------+----------+----+---+-----+------------+------------+
    |i_fu_193_p2            |         +|   0|  0|   15|           8|           1|
    |and_ln820_fu_160_p2    |       and|   0|  0|  163|         163|         163|
    |icmp_ln45_fu_110_p2    |      icmp|   0|  0|   11|           8|           8|
    |p_Result_23_fu_165_p2  |      icmp|   0|  0|   61|         163|           1|
    |lhs_V_18_fu_185_p3     |    select|   0|  0|  166|           1|         166|
    |ret_27_fu_177_p3       |    select|   0|  0|  166|           1|         166|
    |tmp_V_33_fu_142_p3     |    select|   0|  0|  166|           1|         166|
    |tmp_V_fu_76_p3         |    select|   0|  0|  166|           1|         166|
    |shl_ln820_fu_154_p2    |       shl|   0|  0|  567|           1|         163|
    |ap_enable_pp0          |       xor|   0|  0|    2|           1|           2|
    |ret_fu_171_p2          |       xor|   0|  0|  166|         166|         166|
    |xor_ln1544_fu_136_p2   |       xor|   0|  0|  166|         166|         164|
    +-----------------------+----------+----+---+-----+------------+------------+
    |Total                  |          |   0|  0| 1815|         680|        1332|
    +-----------------------+----------+----+---+-----+------------+------------+

    * Multiplexer: 
    +-------------------------+----+-----------+-----+-----------+
    |           Name          | LUT| Input Size| Bits| Total Bits|
    +-------------------------+----+-----------+-----+-----------+
    |ap_done_int              |   9|          2|    1|          2|
    |ap_enable_reg_pp0_iter1  |   9|          2|    1|          2|
    |i_01_fu_44               |   9|          2|    8|         16|
    |lhs_V_fu_52              |   9|          2|  166|        332|
    |tmp_V_29_fu_56           |   9|          2|  166|        332|
    |tmp_V_61_in_in_fu_48     |   9|          2|  166|        332|
    +-------------------------+----+-----------+-----+-----------+
    |Total                    |  54|         12|  508|       1016|
    +-------------------------+----+-----------+-----+-----------+

    * Register: 
    +-------------------------+-----+----+-----+-----------+
    |           Name          |  FF | LUT| Bits| Const Bits|
    +-------------------------+-----+----+-----+-----------+
    |ap_CS_fsm                |    1|   0|    1|          0|
    |ap_done_reg              |    1|   0|    1|          0|
    |ap_enable_reg_pp0_iter1  |    1|   0|    1|          0|
    |i_01_fu_44               |    8|   0|    8|          0|
    |lhs_V_fu_52              |  166|   0|  166|          0|
    |tmp_V_29_fu_56           |  166|   0|  166|          0|
    |tmp_V_61_in_in_fu_48     |  166|   0|  166|          0|
    +-------------------------+-----+----+-----+-----------+
    |Total                    |  509|   0|  509|          0|
    +-------------------------+-----+----+-----+-----------+



================================================================
== Interface
================================================================
* Summary: 
+-----------+-----+-----+------------+--------------+--------------+
| RTL Ports | Dir | Bits|  Protocol  | Source Object|    C Type    |
+-----------+-----+-----+------------+--------------+--------------+
|ap_clk     |   in|    1|  ap_ctrl_hs|     bf_mult.1|  return value|
|ap_rst     |   in|    1|  ap_ctrl_hs|     bf_mult.1|  return value|
|ap_start   |   in|    1|  ap_ctrl_hs|     bf_mult.1|  return value|
|ap_done    |  out|    1|  ap_ctrl_hs|     bf_mult.1|  return value|
|ap_idle    |  out|    1|  ap_ctrl_hs|     bf_mult.1|  return value|
|ap_ready   |  out|    1|  ap_ctrl_hs|     bf_mult.1|  return value|
|ap_return  |  out|  166|  ap_ctrl_hs|     bf_mult.1|  return value|
|z_V_read   |   in|  166|     ap_none|      z_V_read|        scalar|
|y_V_read   |   in|  163|     ap_none|      y_V_read|        scalar|
+-----------+-----+-----+------------+--------------+--------------+

