

================================================================
== Vitis HLS Report for 'point_double'
================================================================
* Date:           Thu Dec 26 19:54:51 2024

* Version:        2021.2 (Build 3367213 on Tue Oct 19 02:48:09 MDT 2021)
* Project:        haidiem
* Solution:       solution1 (Vivado IP Flow Target)
* Product family: zynq
* Target device:  xc7z020-clg400-1


================================================================
== Performance Estimates
================================================================
+ Timing: 
    * Summary: 
    +--------+----------+----------+------------+
    |  Clock |  Target  | Estimated| Uncertainty|
    +--------+----------+----------+------------+
    |ap_clk  |  10.00 ns|  7.041 ns|     2.70 ns|
    +--------+----------+----------+------------+

+ Latency: 
    * Summary: 
    +---------+---------+----------+----------+-----+-----+---------+
    |  Latency (cycles) |  Latency (absolute) |  Interval | Pipeline|
    |   min   |   max   |    min   |    max   | min | max |   Type  |
    +---------+---------+----------+----------+-----+-----+---------+
    |        ?|        ?|         ?|         ?|    ?|    ?|       no|
    +---------+---------+----------+----------+-----+-----+---------+

    + Detail: 
        * Instance: 
        +---------------------------------------------------+----------------------------------------+---------+---------+----------+----------+-----+-----+---------+
        |                                                   |                                        |  Latency (cycles) |  Latency (absolute) |  Interval | Pipeline|
        |                      Instance                     |                 Module                 |   min   |   max   |    min   |    max   | min | max |   Type  |
        +---------------------------------------------------+----------------------------------------+---------+---------+----------+----------+-----+-----+---------+
        |grp_point_double_Pipeline_VITIS_LOOP_25_1_fu_100   |point_double_Pipeline_VITIS_LOOP_25_1   |        ?|        ?|         ?|         ?|    ?|    ?|       no|
        |grp_point_double_Pipeline_VITIS_LOOP_25_15_fu_106  |point_double_Pipeline_VITIS_LOOP_25_15  |        ?|        ?|         ?|         ?|    ?|    ?|       no|
        |grp_bf_mult_1_fu_112                               |bf_mult_1                               |      164|      164|  1.640 us|  1.640 us|  164|  164|       no|
        |grp_bf_mult_2_fu_118                               |bf_mult_2                               |      165|      165|  1.650 us|  1.650 us|  165|  165|       no|
        +---------------------------------------------------+----------------------------------------+---------+---------+----------+----------+-----+-----+---------+

        * Loop: 
        +-------------------+---------+---------+----------+-----------+-----------+------+----------+
        |                   |  Latency (cycles) | Iteration|  Initiation Interval  | Trip |          |
        |     Loop Name     |   min   |   max   |  Latency |  achieved |   target  | Count| Pipelined|
        +-------------------+---------+---------+----------+-----------+-----------+------+----------+
        |- VITIS_LOOP_64_1  |        ?|        ?|         ?|          -|          -|     ?|        no|
        +-------------------+---------+---------+----------+-----------+-----------+------+----------+



================================================================
== Utilization Estimates
================================================================
* Summary: 
+-----------------+---------+-----+--------+-------+-----+
|       Name      | BRAM_18K| DSP |   FF   |  LUT  | URAM|
+-----------------+---------+-----+--------+-------+-----+
|DSP              |        -|    -|       -|      -|    -|
|Expression       |        -|    -|       0|   5060|    -|
|FIFO             |        -|    -|       -|      -|    -|
|Instance         |        -|    -|    1217|   5452|    -|
|Memory           |        -|    -|       -|      -|    -|
|Multiplexer      |        -|    -|       -|    179|    -|
|Register         |        -|    -|    3186|      -|    -|
+-----------------+---------+-----+--------+-------+-----+
|Total            |        0|    0|    4403|  10691|    0|
+-----------------+---------+-----+--------+-------+-----+
|Available        |      280|  220|  106400|  53200|    0|
+-----------------+---------+-----+--------+-------+-----+
|Utilization (%)  |        0|    0|       4|     20|    0|
+-----------------+---------+-----+--------+-------+-----+

+ Detail: 
    * Instance: 
    +---------------------------------------------------+----------------------------------------+---------+----+-----+------+-----+
    |                      Instance                     |                 Module                 | BRAM_18K| DSP|  FF |  LUT | URAM|
    +---------------------------------------------------+----------------------------------------+---------+----+-----+------+-----+
    |grp_bf_mult_1_fu_112                               |bf_mult_1                               |        0|   0|  509|  1869|    0|
    |grp_bf_mult_2_fu_118                               |bf_mult_2                               |        0|   0|  672|  1869|    0|
    |grp_point_double_Pipeline_VITIS_LOOP_25_1_fu_100   |point_double_Pipeline_VITIS_LOOP_25_1   |        0|   0|   18|   857|    0|
    |grp_point_double_Pipeline_VITIS_LOOP_25_15_fu_106  |point_double_Pipeline_VITIS_LOOP_25_15  |        0|   0|   18|   857|    0|
    +---------------------------------------------------+----------------------------------------+---------+----+-----+------+-----+
    |Total                                              |                                        |        0|   0| 1217|  5452|    0|
    +---------------------------------------------------+----------------------------------------+---------+----+-----+------+-----+

    * DSP: 
    N/A

    * Memory: 
    N/A

    * FIFO: 
    N/A

    * Expression: 
    +---------------------------------+----------+----+---+-----+------------+------------+
    |          Variable Name          | Operation| DSP| FF| LUT | Bitwidth P0| Bitwidth P1|
    +---------------------------------+----------+----+---+-----+------------+------------+
    |add_ln28_2_fu_187_p2             |         +|   0|  0|   23|          16|           1|
    |add_ln28_fu_177_p2               |         +|   0|  0|   23|          16|           1|
    |j_fu_197_p2                      |         -|   0|  0|   24|          17|          17|
    |sub_ln1691_fu_267_p2             |         -|   0|  0|   24|           1|          17|
    |sub_ln69_fu_211_p2               |         -|   0|  0|   24|           1|          17|
    |ashr_ln1691_fu_286_p2            |      ashr|   0|  0|  579|         166|         166|
    |r_fu_280_p2                      |      ashr|   0|  0|  579|         166|         166|
    |icmp_ln1064_fu_132_p2            |      icmp|   0|  0|   62|         166|           1|
    |icmp_ln1068_fu_161_p2            |      icmp|   0|  0|   62|         166|           1|
    |ap_block_state4_on_subcall_done  |        or|   0|  0|    2|           1|           1|
    |ap_block_state9_on_subcall_done  |        or|   0|  0|    2|           1|           1|
    |g_V_2_fu_236_p3                  |    select|   0|  0|  166|           1|         166|
    |j_2_fu_217_p3                    |    select|   0|  0|   17|           1|          17|
    |lhs_V_9_fu_316_p3                |    select|   0|  0|  166|           1|         166|
    |r_2_fu_299_p3                    |    select|   0|  0|  166|           1|         166|
    |select_ln1691_fu_292_p3          |    select|   0|  0|  166|           1|         166|
    |u_V_10_fu_322_p3                 |    select|   0|  0|  166|           1|         166|
    |v_V_fu_243_p3                    |    select|   0|  0|  166|           1|         166|
    |shl_ln1691_2_fu_261_p2           |       shl|   0|  0|  579|         166|         166|
    |shl_ln1691_fu_255_p2             |       shl|   0|  0|  579|         166|         166|
    |lambda_V_16_fu_365_p2            |       xor|   0|  0|  166|         166|           1|
    |ret_10_fu_394_p2                 |       xor|   0|  0|  166|         166|         166|
    |ret_11_fu_332_p2                 |       xor|   0|  0|  166|         166|         166|
    |ret_12_fu_347_p2                 |       xor|   0|  0|  166|         166|         166|
    |ret_fu_381_p2                    |       xor|   0|  0|  166|         166|         166|
    |u_V_fu_327_p2                    |       xor|   0|  0|  166|         166|         166|
    |xor_ln1544_11_fu_387_p2          |       xor|   0|  0|  163|         163|         163|
    |xor_ln1544_fu_371_p2             |       xor|   0|  0|  163|         163|           1|
    |xor_ln904_fu_359_p2              |       xor|   0|  0|  163|         163|         163|
    +---------------------------------+----------+----+---+-----+------------+------------+
    |Total                            |          |   0|  0| 5060|        2541|        2892|
    +---------------------------------+----------+----+---+-----+------------+------------+

    * Multiplexer: 
    +-------------------------------+----+-----------+-----+-----------+
    |              Name             | LUT| Input Size| Bits| Total Bits|
    +-------------------------------+----+-----------+-----+-----------+
    |ap_NS_fsm                      |  65|         13|    1|         13|
    |ap_return_0                    |   9|          2|  166|        332|
    |ap_return_1                    |   9|          2|  166|        332|
    |g_V_fu_58                      |   9|          2|  166|        332|
    |grp_bf_mult_1_fu_112_y_V_read  |  14|          3|  163|        489|
    |grp_bf_mult_1_fu_112_z_V_read  |  14|          3|  166|        498|
    |grp_bf_mult_2_fu_118_x_V_read  |  14|          3|  166|        498|
    |lambda_V_fu_62                 |   9|          2|  166|        332|
    |storemerge_reg_89              |   9|          2|  166|        332|
    |u_V_7_fu_50                    |   9|          2|  166|        332|
    |v_V_2_fu_54                    |   9|          2|  166|        332|
    |x_0_reg_78                     |   9|          2|  166|        332|
    +-------------------------------+----+-----------+-----+-----------+
    |Total                          | 179|         38| 1824|       4154|
    +-------------------------------+----+-----------+-----+-----------+

    * Register: 
    +----------------------------------------------------------------+-----+----+-----+-----------+
    |                              Name                              |  FF | LUT| Bits| Const Bits|
    +----------------------------------------------------------------+-----+----+-----+-----------+
    |ap_CS_fsm                                                       |   12|   0|   12|          0|
    |ap_return_0_preg                                                |  166|   0|  166|          0|
    |ap_return_1_preg                                                |  166|   0|  166|          0|
    |g_V_fu_58                                                       |  166|   0|  166|          0|
    |g_V_load_reg_497                                                |  166|   0|  166|          0|
    |grp_bf_mult_1_fu_112_ap_start_reg                               |    1|   0|    1|          0|
    |grp_bf_mult_2_fu_118_ap_start_reg                               |    1|   0|    1|          0|
    |grp_point_double_Pipeline_VITIS_LOOP_25_15_fu_106_ap_start_reg  |    1|   0|    1|          0|
    |grp_point_double_Pipeline_VITIS_LOOP_25_1_fu_100_ap_start_reg   |    1|   0|    1|          0|
    |j_2_reg_485                                                     |   17|   0|   17|          0|
    |lambda_V_15_reg_512                                             |  166|   0|  166|          0|
    |lambda_V_16_reg_528                                             |  166|   0|  166|          0|
    |lambda_V_fu_62                                                  |  166|   0|  166|          0|
    |lhs_V_7_reg_523                                                 |  166|   0|  166|          0|
    |r_2_reg_507                                                     |  166|   0|  166|          0|
    |reg_127                                                         |  166|   0|  166|          0|
    |ret_12_reg_517                                                  |  166|   0|  166|          0|
    |ret_reg_533                                                     |  166|   0|  166|          0|
    |select_ln1691_reg_502                                           |  166|   0|  166|          0|
    |storemerge_reg_89                                               |  166|   0|  166|          0|
    |tmp_20_reg_491                                                  |    1|   0|    1|          0|
    |tmp_reg_477                                                     |    1|   0|    1|          0|
    |u_V_7_fu_50                                                     |  166|   0|  166|          0|
    |v_V_2_fu_54                                                     |  166|   0|  166|          0|
    |v_V_2_load_reg_472                                              |  166|   0|  166|          0|
    |x_0_reg_78                                                      |  166|   0|  166|          0|
    |xor_ln1544_11_reg_538                                           |  163|   0|  163|          0|
    +----------------------------------------------------------------+-----+----+-----+-----------+
    |Total                                                           | 3186|   0| 3186|          0|
    +----------------------------------------------------------------+-----+----+-----+-----------+



================================================================
== Interface
================================================================
* Summary: 
+-------------+-----+-----+------------+--------------+--------------+
|  RTL Ports  | Dir | Bits|  Protocol  | Source Object|    C Type    |
+-------------+-----+-----+------------+--------------+--------------+
|ap_clk       |   in|    1|  ap_ctrl_hs|  point_double|  return value|
|ap_rst       |   in|    1|  ap_ctrl_hs|  point_double|  return value|
|ap_start     |   in|    1|  ap_ctrl_hs|  point_double|  return value|
|ap_done      |  out|    1|  ap_ctrl_hs|  point_double|  return value|
|ap_idle      |  out|    1|  ap_ctrl_hs|  point_double|  return value|
|ap_ready     |  out|    1|  ap_ctrl_hs|  point_double|  return value|
|ap_return_0  |  out|  166|  ap_ctrl_hs|  point_double|  return value|
|ap_return_1  |  out|  166|  ap_ctrl_hs|  point_double|  return value|
|x_V_read     |   in|  166|     ap_none|      x_V_read|        scalar|
|y_V_read     |   in|  163|     ap_none|      y_V_read|        scalar|
+-------------+-----+-----+------------+--------------+--------------+

