

================================================================
== Vitis HLS Report for 'point_add_1_Pipeline_VITIS_LOOP_45_110'
================================================================
* Date:           Thu Dec 26 19:54:48 2024

* Version:        2021.2 (Build 3367213 on Tue Oct 19 02:48:09 MDT 2021)
* Project:        haidiem
* Solution:       solution1 (Vivado IP Flow Target)
* Product family: zynq
* Target device:  xc7z020-clg400-1


================================================================
== Performance Estimates
================================================================
+ Timing: 
    * Summary: 
    +--------+----------+----------+------------+
    |  Clock |  Target  | Estimated| Uncertainty|
    +--------+----------+----------+------------+
    |ap_clk  |  10.00 ns|  6.664 ns|     2.70 ns|
    +--------+----------+----------+------------+

+ Latency: 
    * Summary: 
    +---------+---------+----------+----------+-----+-----+---------+
    |  Latency (cycles) |  Latency (absolute) |  Interval | Pipeline|
    |   min   |   max   |    min   |    max   | min | max |   Type  |
    +---------+---------+----------+----------+-----+-----+---------+
    |      164|      164|  1.640 us|  1.640 us|  164|  164|       no|
    +---------+---------+----------+----------+-----+-----+---------+

    + Detail: 
        * Instance: 
        N/A

        * Loop: 
        +-------------------+---------+---------+----------+-----------+-----------+------+----------+
        |                   |  Latency (cycles) | Iteration|  Initiation Interval  | Trip |          |
        |     Loop Name     |   min   |   max   |  Latency |  achieved |   target  | Count| Pipelined|
        +-------------------+---------+---------+----------+-----------+-----------+------+----------+
        |- VITIS_LOOP_45_1  |      162|      162|         1|          1|          1|   162|       yes|
        +-------------------+---------+---------+----------+-----------+-----------+------+----------+



================================================================
== Utilization Estimates
================================================================
* Summary: 
+-----------------+---------+-----+--------+-------+-----+
|       Name      | BRAM_18K| DSP |   FF   |  LUT  | URAM|
+-----------------+---------+-----+--------+-------+-----+
|DSP              |        -|    -|       -|      -|    -|
|Expression       |        -|    -|       0|   1649|    -|
|FIFO             |        -|    -|       -|      -|    -|
|Instance         |        -|    -|       -|      -|    -|
|Memory           |        -|    -|       -|      -|    -|
|Multiplexer      |        -|    -|       -|     54|    -|
|Register         |        -|    -|     508|      -|    -|
+-----------------+---------+-----+--------+-------+-----+
|Total            |        0|    0|     508|   1703|    0|
+-----------------+---------+-----+--------+-------+-----+
|Available        |      280|  220|  106400|  53200|    0|
+-----------------+---------+-----+--------+-------+-----+
|Utilization (%)  |        0|    0|      ~0|      3|    0|
+-----------------+---------+-----+--------+-------+-----+

+ Detail: 
    * Instance: 
    N/A

    * DSP: 
    N/A

    * Memory: 
    N/A

    * FIFO: 
    N/A

    * Expression: 
    +-----------------------+----------+----+---+-----+------------+------------+
    |     Variable Name     | Operation| DSP| FF| LUT | Bitwidth P0| Bitwidth P1|
    +-----------------------+----------+----+---+-----+------------+------------+
    |i_23_fu_208_p2         |         +|   0|  0|   15|           8|           1|
    |and_ln820_fu_175_p2    |       and|   0|  0|  163|         163|         163|
    |icmp_ln45_fu_116_p2    |      icmp|   0|  0|   11|           8|           8|
    |p_Result_20_fu_180_p2  |      icmp|   0|  0|   61|         163|           1|
    |lhs_V_14_fu_200_p3     |    select|   0|  0|  166|           1|         166|
    |select_ln50_fu_192_p3  |    select|   0|  0|  166|           1|         166|
    |tmp_V_18_fu_153_p3     |    select|   0|  0|  166|           1|         166|
    |shl_ln820_fu_169_p2    |       shl|   0|  0|  567|           1|         163|
    |ap_enable_pp0          |       xor|   0|  0|    2|           1|           2|
    |ret_fu_186_p2          |       xor|   0|  0|  166|         166|         166|
    |xor_ln1544_fu_147_p2   |       xor|   0|  0|  166|         166|         164|
    +-----------------------+----------+----+---+-----+------------+------------+
    |Total                  |          |   0|  0| 1649|         679|        1166|
    +-----------------------+----------+----+---+-----+------------+------------+

    * Multiplexer: 
    +-------------------------+----+-----------+-----+-----------+
    |           Name          | LUT| Input Size| Bits| Total Bits|
    +-------------------------+----+-----------+-----+-----------+
    |ap_done_int              |   9|          2|    1|          2|
    |ap_enable_reg_pp0_iter1  |   9|          2|    1|          2|
    |i_fu_52                  |   9|          2|    8|         16|
    |lhs_V_25_fu_64           |   9|          2|  166|        332|
    |lhs_V_fu_60              |   9|          2|  166|        332|
    |tmp_V_45_in_fu_56        |   9|          2|  165|        330|
    +-------------------------+----+-----------+-----+-----------+
    |Total                    |  54|         12|  507|       1014|
    +-------------------------+----+-----------+-----+-----------+

    * Register: 
    +-------------------------+-----+----+-----+-----------+
    |           Name          |  FF | LUT| Bits| Const Bits|
    +-------------------------+-----+----+-----+-----------+
    |ap_CS_fsm                |    1|   0|    1|          0|
    |ap_done_reg              |    1|   0|    1|          0|
    |ap_enable_reg_pp0_iter1  |    1|   0|    1|          0|
    |i_fu_52                  |    8|   0|    8|          0|
    |lhs_V_25_fu_64           |  166|   0|  166|          0|
    |lhs_V_fu_60              |  166|   0|  166|          0|
    |tmp_V_45_in_fu_56        |  165|   0|  165|          0|
    +-------------------------+-----+----+-----+-----------+
    |Total                    |  508|   0|  508|          0|
    +-------------------------+-----+----+-----+-----------+



================================================================
== Interface
================================================================
* Summary: 
+---------------------+-----+-----+------------+----------------------------------------+--------------+
|      RTL Ports      | Dir | Bits|  Protocol  |              Source Object             |    C Type    |
+---------------------+-----+-----+------------+----------------------------------------+--------------+
|ap_clk               |   in|    1|  ap_ctrl_hs|  point_add.1_Pipeline_VITIS_LOOP_45_110|  return value|
|ap_rst               |   in|    1|  ap_ctrl_hs|  point_add.1_Pipeline_VITIS_LOOP_45_110|  return value|
|ap_start             |   in|    1|  ap_ctrl_hs|  point_add.1_Pipeline_VITIS_LOOP_45_110|  return value|
|ap_done              |  out|    1|  ap_ctrl_hs|  point_add.1_Pipeline_VITIS_LOOP_45_110|  return value|
|ap_idle              |  out|    1|  ap_ctrl_hs|  point_add.1_Pipeline_VITIS_LOOP_45_110|  return value|
|ap_ready             |  out|    1|  ap_ctrl_hs|  point_add.1_Pipeline_VITIS_LOOP_45_110|  return value|
|tmp_V_35             |   in|  166|     ap_none|                                tmp_V_35|        scalar|
|c_V_9_reload         |   in|  165|     ap_none|                            c_V_9_reload|        scalar|
|c_V_10_cast4         |   in|  163|     ap_none|                            c_V_10_cast4|        scalar|
|lhs_V_25_out         |  out|  166|      ap_vld|                            lhs_V_25_out|       pointer|
|lhs_V_25_out_ap_vld  |  out|    1|      ap_vld|                            lhs_V_25_out|       pointer|
+---------------------+-----+-----+------------+----------------------------------------+--------------+

