

================================================================
== Vitis HLS Report for 'point_add_1'
================================================================
* Date:           Thu Dec 26 19:54:52 2024

* Version:        2021.2 (Build 3367213 on Tue Oct 19 02:48:09 MDT 2021)
* Project:        haidiem
* Solution:       solution1 (Vivado IP Flow Target)
* Product family: zynq
* Target device:  xc7z020-clg400-1


================================================================
== Performance Estimates
================================================================
+ Timing: 
    * Summary: 
    +--------+----------+----------+------------+
    |  Clock |  Target  | Estimated| Uncertainty|
    +--------+----------+----------+------------+
    |ap_clk  |  10.00 ns|  7.041 ns|     2.70 ns|
    +--------+----------+----------+------------+

+ Latency: 
    * Summary: 
    +---------+---------+----------+----------+-----+-----+---------+
    |  Latency (cycles) |  Latency (absolute) |  Interval | Pipeline|
    |   min   |   max   |    min   |    max   | min | max |   Type  |
    +---------+---------+----------+----------+-----+-----+---------+
    |        ?|        ?|         ?|         ?|    ?|    ?|       no|
    +---------+---------+----------+----------+-----+-----+---------+

    + Detail: 
        * Instance: 
        +---------------------------------------------------+----------------------------------------+---------+---------+----------+----------+-----+-----+---------+
        |                                                   |                                        |  Latency (cycles) |  Latency (absolute) |  Interval | Pipeline|
        |                      Instance                     |                 Module                 |   min   |   max   |    min   |    max   | min | max |   Type  |
        +---------------------------------------------------+----------------------------------------+---------+---------+----------+----------+-----+-----+---------+
        |grp_point_add_1_Pipeline_VITIS_LOOP_45_1_fu_146    |point_add_1_Pipeline_VITIS_LOOP_45_1    |      164|      164|  1.640 us|  1.640 us|  164|  164|       no|
        |grp_point_add_1_Pipeline_VITIS_LOOP_25_1_fu_154    |point_add_1_Pipeline_VITIS_LOOP_25_1    |        ?|        ?|         ?|         ?|    ?|    ?|       no|
        |grp_point_add_1_Pipeline_VITIS_LOOP_25_19_fu_160   |point_add_1_Pipeline_VITIS_LOOP_25_19   |        ?|        ?|         ?|         ?|    ?|    ?|       no|
        |grp_point_add_1_Pipeline_VITIS_LOOP_45_110_fu_166  |point_add_1_Pipeline_VITIS_LOOP_45_110  |      164|      164|  1.640 us|  1.640 us|  164|  164|       no|
        |grp_point_add_1_Pipeline_VITIS_LOOP_45_111_fu_174  |point_add_1_Pipeline_VITIS_LOOP_45_111  |      164|      164|  1.640 us|  1.640 us|  164|  164|       no|
        |grp_point_double_fu_182                            |point_double                            |        ?|        ?|         ?|         ?|    ?|    ?|       no|
        +---------------------------------------------------+----------------------------------------+---------+---------+----------+----------+-----+-----+---------+

        * Loop: 
        +-------------------+---------+---------+----------+-----------+-----------+------+----------+
        |                   |  Latency (cycles) | Iteration|  Initiation Interval  | Trip |          |
        |     Loop Name     |   min   |   max   |  Latency |  achieved |   target  | Count| Pipelined|
        +-------------------+---------+---------+----------+-----------+-----------+------+----------+
        |- VITIS_LOOP_64_1  |        ?|        ?|         ?|          -|          -|     ?|        no|
        +-------------------+---------+---------+----------+-----------+-----------+------+----------+



================================================================
== Utilization Estimates
================================================================
* Summary: 
+-----------------+---------+-----+--------+-------+-----+
|       Name      | BRAM_18K| DSP |   FF   |  LUT  | URAM|
+-----------------+---------+-----+--------+-------+-----+
|DSP              |        -|    -|       -|      -|    -|
|Expression       |        -|    -|       0|   6146|    -|
|FIFO             |        -|    -|       -|      -|    -|
|Instance         |        -|    -|    5963|  17514|    -|
|Memory           |        -|    -|       -|      -|    -|
|Multiplexer      |        -|    -|       -|    187|    -|
|Register         |        -|    -|    3851|      -|    -|
+-----------------+---------+-----+--------+-------+-----+
|Total            |        0|    0|    9814|  23847|    0|
+-----------------+---------+-----+--------+-------+-----+
|Available        |      280|  220|  106400|  53200|    0|
+-----------------+---------+-----+--------+-------+-----+
|Utilization (%)  |        0|    0|       9|     44|    0|
+-----------------+---------+-----+--------+-------+-----+

+ Detail: 
    * Instance: 
    +---------------------------------------------------+----------------------------------------+---------+----+------+-------+-----+
    |                      Instance                     |                 Module                 | BRAM_18K| DSP|  FF  |  LUT  | URAM|
    +---------------------------------------------------+----------------------------------------+---------+----+------+-------+-----+
    |grp_point_add_1_Pipeline_VITIS_LOOP_25_1_fu_154    |point_add_1_Pipeline_VITIS_LOOP_25_1    |        0|   0|    18|    857|    0|
    |grp_point_add_1_Pipeline_VITIS_LOOP_25_19_fu_160   |point_add_1_Pipeline_VITIS_LOOP_25_19   |        0|   0|    18|    857|    0|
    |grp_point_add_1_Pipeline_VITIS_LOOP_45_1_fu_146    |point_add_1_Pipeline_VITIS_LOOP_45_1    |        0|   0|   508|   1703|    0|
    |grp_point_add_1_Pipeline_VITIS_LOOP_45_110_fu_166  |point_add_1_Pipeline_VITIS_LOOP_45_110  |        0|   0|   508|   1703|    0|
    |grp_point_add_1_Pipeline_VITIS_LOOP_45_111_fu_174  |point_add_1_Pipeline_VITIS_LOOP_45_111  |        0|   0|   508|   1703|    0|
    |grp_point_double_fu_182                            |point_double                            |        0|   0|  4403|  10691|    0|
    +---------------------------------------------------+----------------------------------------+---------+----+------+-------+-----+
    |Total                                              |                                        |        0|   0|  5963|  17514|    0|
    +---------------------------------------------------+----------------------------------------+---------+----+------+-------+-----+

    * DSP: 
    N/A

    * Memory: 
    N/A

    * FIFO: 
    N/A

    * Expression: 
    +---------------------------------+----------+----+---+-----+------------+------------+
    |          Variable Name          | Operation| DSP| FF| LUT | Bitwidth P0| Bitwidth P1|
    +---------------------------------+----------+----+---+-----+------------+------------+
    |add_ln28_4_fu_353_p2             |         +|   0|  0|   23|          16|           1|
    |add_ln28_fu_343_p2               |         +|   0|  0|   23|          16|           1|
    |j_fu_363_p2                      |         -|   0|  0|   24|          17|          17|
    |sub_ln1691_fu_432_p2             |         -|   0|  0|   24|           1|          17|
    |sub_ln69_fu_377_p2               |         -|   0|  0|   24|           1|          17|
    |and_ln99_fu_228_p2               |       and|   0|  0|    2|           1|           1|
    |ashr_ln1691_fu_451_p2            |      ashr|   0|  0|  579|         166|         166|
    |r_fu_445_p2                      |      ashr|   0|  0|  579|         166|         166|
    |icmp_ln100_fu_240_p2             |      icmp|   0|  0|   62|         166|           1|
    |icmp_ln1064_2_fu_302_p2          |      icmp|   0|  0|   62|         166|         166|
    |icmp_ln1064_fu_246_p2            |      icmp|   0|  0|   62|         166|         166|
    |icmp_ln1068_3_fu_222_p2          |      icmp|   0|  0|   62|         166|           1|
    |icmp_ln1068_4_fu_319_p2          |      icmp|   0|  0|   62|         166|           1|
    |icmp_ln1068_fu_196_p2            |      icmp|   0|  0|   62|         166|           1|
    |ap_block_state4_on_subcall_done  |        or|   0|  0|    2|           1|           1|
    |or_ln100_fu_234_p2               |        or|   0|  0|  166|         166|         166|
    |g_V_4_fu_402_p3                  |    select|   0|  0|  166|           1|         166|
    |j_4_fu_383_p3                    |    select|   0|  0|   17|           1|          17|
    |lhs_V_16_fu_481_p3               |    select|   0|  0|  166|           1|         166|
    |r_4_fu_464_p3                    |    select|   0|  0|  166|           1|         166|
    |select_ln1691_fu_457_p3          |    select|   0|  0|  166|           1|         166|
    |tmp_V_21_fu_325_p3               |    select|   0|  0|  166|           1|         166|
    |tmp_V_22_fu_528_p3               |    select|   0|  0|  166|           1|         166|
    |tmp_V_24_fu_566_p3               |    select|   0|  0|  166|           1|         166|
    |u_V_20_fu_486_p3                 |    select|   0|  0|  166|           1|         166|
    |v_V_fu_408_p3                    |    select|   0|  0|  166|           1|         166|
    |shl_ln1691_4_fu_426_p2           |       shl|   0|  0|  579|         166|         166|
    |shl_ln1691_fu_420_p2             |       shl|   0|  0|  579|         166|         166|
    |d_V_fu_550_p2                    |       xor|   0|  0|  166|         166|         166|
    |ret_23_fu_496_p2                 |       xor|   0|  0|  166|         166|         166|
    |ret_24_fu_252_p2                 |       xor|   0|  0|  166|         166|         166|
    |ret_25_fu_270_p2                 |       xor|   0|  0|  163|         163|         163|
    |ret_26_fu_556_p2                 |       xor|   0|  0|  166|         166|         166|
    |ret_fu_581_p2                    |       xor|   0|  0|  166|         166|         166|
    |u_V_fu_491_p2                    |       xor|   0|  0|  166|         166|         166|
    |xor_ln1544_21_fu_276_p2          |       xor|   0|  0|    2|           1|           1|
    |xor_ln1544_fu_577_p2             |       xor|   0|  0|  166|         166|         166|
    |xor_ln904_4_fu_545_p2            |       xor|   0|  0|  166|         166|           1|
    |xor_ln904_fu_540_p2              |       xor|   0|  0|  166|         166|         166|
    +---------------------------------+----------+----+---+-----+------------+------------+
    |Total                            |          |   0|  0| 6146|        3547|        4225|
    +---------------------------------+----------+----+---+-----+------------+------------+

    * Multiplexer: 
    +--------------------------------+----+-----------+-----+-----------+
    |              Name              | LUT| Input Size| Bits| Total Bits|
    +--------------------------------+----+-----------+-----+-----------+
    |ap_NS_fsm                       |  65|         16|    1|         16|
    |ap_phi_mux_x1_3_phi_fu_116_p10  |   9|          2|  166|        332|
    |ap_phi_mux_y1_3_phi_fu_133_p10  |   9|          2|  166|        332|
    |ap_return_0                     |   9|          2|  166|        332|
    |ap_return_1                     |   9|          2|  166|        332|
    |g_V_fu_86                       |   9|          2|  166|        332|
    |tmp_V_fu_90                     |   9|          2|  166|        332|
    |u_V_16_fu_78                    |   9|          2|  166|        332|
    |v_V_4_fu_82                     |   9|          2|  166|        332|
    |x1_3_reg_112                    |  25|          5|  166|        830|
    |y1_3_reg_129                    |  25|          5|  166|        830|
    +--------------------------------+----+-----------+-----+-----------+
    |Total                           | 187|         42| 1661|       4332|
    +--------------------------------+----+-----------+-----+-----------+

    * Register: 
    +----------------------------------------------------------------+-----+----+-----+-----------+
    |                              Name                              |  FF | LUT| Bits| Const Bits|
    +----------------------------------------------------------------+-----+----+-----+-----------+
    |and_ln99_reg_666                                                |    1|   0|    1|          0|
    |ap_CS_fsm                                                       |   15|   0|   15|          0|
    |ap_return_0_preg                                                |  166|   0|  166|          0|
    |ap_return_1_preg                                                |  166|   0|  166|          0|
    |d_V_reg_807                                                     |  166|   0|  166|          0|
    |empty_51_reg_791                                                |  163|   0|  163|          0|
    |empty_52_reg_797                                                |    1|   0|    1|          0|
    |empty_reg_786                                                   |  165|   0|  165|          0|
    |g_V_fu_86                                                       |  166|   0|  166|          0|
    |g_V_load_reg_768                                                |  166|   0|  166|          0|
    |grp_point_add_1_Pipeline_VITIS_LOOP_25_19_fu_160_ap_start_reg   |    1|   0|    1|          0|
    |grp_point_add_1_Pipeline_VITIS_LOOP_25_1_fu_154_ap_start_reg    |    1|   0|    1|          0|
    |grp_point_add_1_Pipeline_VITIS_LOOP_45_110_fu_166_ap_start_reg  |    1|   0|    1|          0|
    |grp_point_add_1_Pipeline_VITIS_LOOP_45_111_fu_174_ap_start_reg  |    1|   0|    1|          0|
    |grp_point_add_1_Pipeline_VITIS_LOOP_45_1_fu_146_ap_start_reg    |    1|   0|    1|          0|
    |grp_point_double_fu_182_ap_start_reg                            |    1|   0|    1|          0|
    |icmp_ln100_reg_670                                              |    1|   0|    1|          0|
    |icmp_ln1064_reg_674                                             |    1|   0|    1|          0|
    |j_4_reg_756                                                     |   17|   0|   17|          0|
    |r_4_reg_778                                                     |  166|   0|  166|          0|
    |ret_24_reg_706                                                  |  166|   0|  166|          0|
    |ret_25_reg_711                                                  |  163|   0|  163|          0|
    |select_ln1691_reg_773                                           |  166|   0|  166|          0|
    |tmp_23_reg_748                                                  |    1|   0|    1|          0|
    |tmp_24_reg_762                                                  |    1|   0|    1|          0|
    |tmp_V_21_reg_738                                                |  166|   0|  166|          0|
    |tmp_V_22_reg_802                                                |  166|   0|  166|          0|
    |tmp_V_24_reg_818                                                |  166|   0|  166|          0|
    |tmp_V_fu_90                                                     |  166|   0|  166|          0|
    |trunc_ln1068_4_reg_730                                          |  165|   0|  165|          0|
    |trunc_ln1068_reg_651                                            |  163|   0|  163|          0|
    |trunc_ln1544_8_reg_813                                          |  165|   0|  165|          0|
    |u_V_16_fu_78                                                    |  166|   0|  166|          0|
    |v_V_4_fu_82                                                     |  166|   0|  166|          0|
    |v_V_4_load_reg_743                                              |  166|   0|  166|          0|
    |x1_3_reg_112                                                    |  166|   0|  166|          0|
    |xor_ln1544_21_reg_716                                           |    1|   0|    1|          0|
    |y1_3_reg_129                                                    |  166|   0|  166|          0|
    +----------------------------------------------------------------+-----+----+-----+-----------+
    |Total                                                           | 3851|   0| 3851|          0|
    +----------------------------------------------------------------+-----+----+-----+-----------+



================================================================
== Interface
================================================================
* Summary: 
+-------------+-----+-----+------------+--------------+--------------+
|  RTL Ports  | Dir | Bits|  Protocol  | Source Object|    C Type    |
+-------------+-----+-----+------------+--------------+--------------+
|ap_clk       |   in|    1|  ap_ctrl_hs|   point_add.1|  return value|
|ap_rst       |   in|    1|  ap_ctrl_hs|   point_add.1|  return value|
|ap_start     |   in|    1|  ap_ctrl_hs|   point_add.1|  return value|
|ap_done      |  out|    1|  ap_ctrl_hs|   point_add.1|  return value|
|ap_idle      |  out|    1|  ap_ctrl_hs|   point_add.1|  return value|
|ap_ready     |  out|    1|  ap_ctrl_hs|   point_add.1|  return value|
|ap_return_0  |  out|  166|  ap_ctrl_hs|   point_add.1|  return value|
|ap_return_1  |  out|  166|  ap_ctrl_hs|   point_add.1|  return value|
|p_read       |   in|  166|     ap_none|        p_read|        scalar|
|p_read1      |   in|  166|     ap_none|       p_read1|        scalar|
|p_read2      |   in|  332|     ap_none|       p_read2|        scalar|
+-------------+-----+-----+------------+--------------+--------------+

