

================================================================
== Vitis HLS Report for 'Radix2wDPM_Pipeline_VITIS_LOOP_120_1'
================================================================
* Date:           Thu Dec 26 19:54:53 2024

* Version:        2021.2 (Build 3367213 on Tue Oct 19 02:48:09 MDT 2021)
* Project:        haidiem
* Solution:       solution1 (Vivado IP Flow Target)
* Product family: zynq
* Target device:  xc7z020-clg400-1


================================================================
== Performance Estimates
================================================================
+ Timing: 
    * Summary: 
    +--------+----------+----------+------------+
    |  Clock |  Target  | Estimated| Uncertainty|
    +--------+----------+----------+------------+
    |ap_clk  |  10.00 ns|  6.414 ns|     2.70 ns|
    +--------+----------+----------+------------+

+ Latency: 
    * Summary: 
    +---------+---------+----------+----------+-----+-----+---------+
    |  Latency (cycles) |  Latency (absolute) |  Interval | Pipeline|
    |   min   |   max   |    min   |    max   | min | max |   Type  |
    +---------+---------+----------+----------+-----+-----+---------+
    |        ?|        ?|         ?|         ?|    ?|    ?|       no|
    +---------+---------+----------+----------+-----+-----+---------+

    + Detail: 
        * Instance: 
        N/A

        * Loop: 
        +--------------------+---------+---------+----------+-----------+-----------+------+----------+
        |                    |  Latency (cycles) | Iteration|  Initiation Interval  | Trip |          |
        |      Loop Name     |   min   |   max   |  Latency |  achieved |   target  | Count| Pipelined|
        +--------------------+---------+---------+----------+-----------+-----------+------+----------+
        |- VITIS_LOOP_120_1  |        ?|        ?|         1|          1|          1|     ?|       yes|
        +--------------------+---------+---------+----------+-----------+-----------+------+----------+



================================================================
== Utilization Estimates
================================================================
* Summary: 
+-----------------+---------+-----+--------+-------+-----+
|       Name      | BRAM_18K| DSP |   FF   |  LUT  | URAM|
+-----------------+---------+-----+--------+-------+-----+
|DSP              |        -|    -|       -|      -|    -|
|Expression       |        -|    -|       0|    118|    -|
|FIFO             |        -|    -|       -|      -|    -|
|Instance         |        -|    -|       -|      -|    -|
|Memory           |        -|    -|       -|      -|    -|
|Multiplexer      |        -|    -|       -|     36|    -|
|Register         |        -|    -|      51|      -|    -|
+-----------------+---------+-----+--------+-------+-----+
|Total            |        0|    0|      51|    154|    0|
+-----------------+---------+-----+--------+-------+-----+
|Available        |      280|  220|  106400|  53200|    0|
+-----------------+---------+-----+--------+-------+-----+
|Utilization (%)  |        0|    0|      ~0|     ~0|    0|
+-----------------+---------+-----+--------+-------+-----+

+ Detail: 
    * Instance: 
    N/A

    * DSP: 
    N/A

    * Memory: 
    N/A

    * FIFO: 
    N/A

    * Expression: 
    +------------------------+----------+----+---+----+------------+------------+
    |      Variable Name     | Operation| DSP| FF| LUT| Bitwidth P0| Bitwidth P1|
    +------------------------+----------+----+---+----+------------+------------+
    |n_2_fu_100_p2           |         +|   0|  0|  39|          32|           1|
    |sub_ln121_1_fu_134_p2   |         -|   0|  0|  23|           1|          16|
    |sub_ln121_fu_114_p2     |         -|   0|  0|  23|           1|          16|
    |icmp_ln120_fu_88_p2     |      icmp|   0|  0|  13|          16|           1|
    |or_ln120_fu_94_p2       |        or|   0|  0|   2|           1|           1|
    |select_ln121_fu_154_p3  |    select|   0|  0|  16|           1|          16|
    |ap_enable_pp0           |       xor|   0|  0|   2|           1|           2|
    +------------------------+----------+----+---+----+------------+------------+
    |Total                   |          |   0|  0| 118|          53|          53|
    +------------------------+----------+----+---+----+------------+------------+

    * Multiplexer: 
    +-------------------------+----+-----------+-----+-----------+
    |           Name          | LUT| Input Size| Bits| Total Bits|
    +-------------------------+----+-----------+-----+-----------+
    |ap_done_int              |   9|          2|    1|          2|
    |ap_enable_reg_pp0_iter1  |   9|          2|    1|          2|
    |empty_fu_38              |   9|          2|   16|         32|
    |n_fu_34                  |   9|          2|   32|         64|
    +-------------------------+----+-----------+-----+-----------+
    |Total                    |  36|          8|   50|        100|
    +-------------------------+----+-----------+-----+-----------+

    * Register: 
    +-------------------------+----+----+-----+-----------+
    |           Name          | FF | LUT| Bits| Const Bits|
    +-------------------------+----+----+-----+-----------+
    |ap_CS_fsm                |   1|   0|    1|          0|
    |ap_done_reg              |   1|   0|    1|          0|
    |ap_enable_reg_pp0_iter1  |   1|   0|    1|          0|
    |empty_fu_38              |  16|   0|   16|          0|
    |n_fu_34                  |  32|   0|   32|          0|
    +-------------------------+----+----+-----+-----------+
    |Total                    |  51|   0|   51|          0|
    +-------------------------+----+----+-----+-----------+



================================================================
== Interface
================================================================
* Summary: 
+--------------+-----+-----+------------+--------------------------------------+--------------+
|   RTL Ports  | Dir | Bits|  Protocol  |             Source Object            |    C Type    |
+--------------+-----+-----+------------+--------------------------------------+--------------+
|ap_clk        |   in|    1|  ap_ctrl_hs|  Radix2wDPM_Pipeline_VITIS_LOOP_120_1|  return value|
|ap_rst        |   in|    1|  ap_ctrl_hs|  Radix2wDPM_Pipeline_VITIS_LOOP_120_1|  return value|
|ap_start      |   in|    1|  ap_ctrl_hs|  Radix2wDPM_Pipeline_VITIS_LOOP_120_1|  return value|
|ap_done       |  out|    1|  ap_ctrl_hs|  Radix2wDPM_Pipeline_VITIS_LOOP_120_1|  return value|
|ap_idle       |  out|    1|  ap_ctrl_hs|  Radix2wDPM_Pipeline_VITIS_LOOP_120_1|  return value|
|ap_ready      |  out|    1|  ap_ctrl_hs|  Radix2wDPM_Pipeline_VITIS_LOOP_120_1|  return value|
|sext_ln120    |   in|    3|     ap_none|                            sext_ln120|        scalar|
|p_out         |  out|   16|      ap_vld|                                 p_out|       pointer|
|p_out_ap_vld  |  out|    1|      ap_vld|                                 p_out|       pointer|
|n_out         |  out|   32|      ap_vld|                                 n_out|       pointer|
|n_out_ap_vld  |  out|    1|      ap_vld|                                 n_out|       pointer|
+--------------+-----+-----+------------+--------------------------------------+--------------+

